// Jest Snapshot v1, https://goo.gl/fbAQLP

exports[`Login should render and match snapshot 1`] = `
Object {
  "asFragment": [Function],
  "baseElement": <body>
    <div>
      <div
        class="Auth-form-container"
      >
        <form
          class="Auth-form"
        >
          <div
            class="Auth-form-content"
          >
            <h3
              class="Auth-form-title"
            >
              Sign In
            </h3>
            <div
              class="form-group mt-3"
            >
              <label>
                Username
              </label>
              <input
                class="form-control mt-1"
                placeholder="Enter email"
                type="test"
                value="sarahedo"
              />
            </div>
            <div
              class="form-group mt-3"
            >
              <label>
                Password
              </label>
              <input
                class="form-control mt-1"
                placeholder="Enter password"
                type="password"
                value="password123"
              />
            </div>
            <div
              class="d-grid gap-2 mt-3"
            >
              <button
                class="btn btn-primary"
                type="submit"
              >
                Submit
              </button>
            </div>
          </div>
        </form>
      </div>
    </div>
  </body>,
  "container": <div>
    <div
      class="Auth-form-container"
    >
      <form
        class="Auth-form"
      >
        <div
          class="Auth-form-content"
        >
          <h3
            class="Auth-form-title"
          >
            Sign In
          </h3>
          <div
            class="form-group mt-3"
          >
            <label>
              Username
            </label>
            <input
              class="form-control mt-1"
              placeholder="Enter email"
              type="test"
              value="sarahedo"
            />
          </div>
          <div
            class="form-group mt-3"
          >
            <label>
              Password
            </label>
            <input
              class="form-control mt-1"
              placeholder="Enter password"
              type="password"
              value="password123"
            />
          </div>
          <div
            class="d-grid gap-2 mt-3"
          >
            <button
              class="btn btn-primary"
              type="submit"
            >
              Submit
            </button>
          </div>
        </div>
      </form>
    </div>
  </div>,
  "debug": [Function],
  "findAllByAltText": [Function],
  "findAllByDisplayValue": [Function],
  "findAllByLabelText": [Function],
  "findAllByPlaceholderText": [Function],
  "findAllByRole": [Function],
  "findAllByTestId": [Function],
  "findAllByText": [Function],
  "findAllByTitle": [Function],
  "findByAltText": [Function],
  "findByDisplayValue": [Function],
  "findByLabelText": [Function],
  "findByPlaceholderText": [Function],
  "findByRole": [Function],
  "findByTestId": [Function],
  "findByText": [Function],
  "findByTitle": [Function],
  "getAllByAltText": [Function],
  "getAllByDisplayValue": [Function],
  "getAllByLabelText": [Function],
  "getAllByPlaceholderText": [Function],
  "getAllByRole": [Function],
  "getAllByTestId": [Function],
  "getAllByText": [Function],
  "getAllByTitle": [Function],
  "getByAltText": [Function],
  "getByDisplayValue": [Function],
  "getByLabelText": [Function],
  "getByPlaceholderText": [Function],
  "getByRole": [Function],
  "getByTestId": [Function],
  "getByText": [Function],
  "getByTitle": [Function],
  "queryAllByAltText": [Function],
  "queryAllByDisplayValue": [Function],
  "queryAllByLabelText": [Function],
  "queryAllByPlaceholderText": [Function],
  "queryAllByRole": [Function],
  "queryAllByTestId": [Function],
  "queryAllByText": [Function],
  "queryAllByTitle": [Function],
  "queryByAltText": [Function],
  "queryByDisplayValue": [Function],
  "queryByLabelText": [Function],
  "queryByPlaceholderText": [Function],
  "queryByRole": [Function],
  "queryByTestId": [Function],
  "queryByText": [Function],
  "queryByTitle": [Function],
  "rerender": [Function],
  "unmount": [Function],
}
`;
